2026-06-04 17:13:57  INFO     Log file: logs/training\train_20260604_171357.log
2026-06-04 17:13:57  INFO     Loading data...
2026-06-04 17:13:57  INFO       Train: 4812 | Val: 832 | Test: 264
2026-06-04 17:13:58  INFO     MambaSOHPredictor — 73,729 trainable params
2026-06-04 17:13:58  INFO     Config: lr=0.0005, batch=32, epochs=100, patience=15
2026-06-04 17:13:58  INFO     Starting training...
2026-06-04 17:13:58  INFO      Epoch   TrainLoss     ValLoss   ValMAE%   ValRMSE%
2026-06-04 17:13:58  INFO     -------------------------------------------------------
2026-06-04 17:14:15  DEBUG         1    0.027967    0.001447    3.4904     3.8041
2026-06-04 17:14:32  DEBUG         2    0.009757    0.000406    1.7234     2.0154
2026-06-04 17:14:49  DEBUG         3    0.008416    0.000227    1.2757     1.5079
2026-06-04 17:15:06  DEBUG         4    0.007398    0.000227    1.2277     1.5073
2026-06-04 17:15:23  DEBUG         5    0.006585    0.000127    0.9057     1.1283
2026-06-04 17:15:40  DEBUG         6    0.006505    0.000167    0.9653     1.2918
2026-06-04 17:15:57  DEBUG         7    0.006116    0.000145    0.9779     1.2047
2026-06-04 17:16:13  DEBUG         8    0.005635    0.000545    2.1004     2.3352
2026-06-04 17:16:30  DEBUG         9    0.005267    0.000360    1.6913     1.8967
2026-06-04 17:16:46  DEBUG        10    0.005142    0.000169    1.0093     1.2999
2026-06-04 17:16:46  INFO         10    0.005142    0.000169    1.0093     1.2999  lr=5.00e-04
2026-06-04 17:17:03  DEBUG        11    0.004647    0.000099    0.7914     0.9975
2026-06-04 17:17:19  DEBUG        12    0.004426    0.000329    1.6705     1.8146
2026-06-04 17:17:34  DEBUG        13    0.004235    0.000401    1.6921     2.0037
2026-06-04 17:17:49  DEBUG        14    0.004148    0.000077    0.7291     0.8798
2026-06-04 17:18:04  DEBUG        15    0.003803    0.000230    1.2846     1.5167
2026-06-04 17:18:19  DEBUG        16    0.003388    0.000083    0.7174     0.9115
2026-06-04 17:18:33  DEBUG        17    0.003320    0.000085    0.7304     0.9204
2026-06-04 17:18:47  DEBUG        18    0.003123    0.000219    1.2661     1.4796
2026-06-04 17:19:00  DEBUG        19    0.002852    0.000179    1.1337     1.3369
2026-06-04 17:19:13  DEBUG        20    0.002711    0.000098    0.7747     0.9890
2026-06-04 17:19:13  INFO         20    0.002711    0.000098    0.7747     0.9890  lr=5.00e-04
2026-06-04 17:19:25  DEBUG        21    0.002416    0.000144    0.9693     1.2009
2026-06-04 17:19:38  DEBUG        22    0.002442    0.000123    0.9072     1.1075
2026-06-04 17:19:50  DEBUG        23    0.002264    0.000082    0.7249     0.9082
2026-06-04 17:20:02  DEBUG        24    0.002152    0.000147    0.9997     1.2107
2026-06-04 17:20:14  DEBUG        25    0.002090    0.000046    0.5229     0.6779
2026-06-04 17:20:26  DEBUG        26    0.002143    0.000116    0.8814     1.0770
2026-06-04 17:20:38  DEBUG        27    0.002034    0.000080    0.6938     0.8944
2026-06-04 17:20:50  DEBUG        28    0.001882    0.000124    0.9025     1.1140
2026-06-04 17:21:02  DEBUG        29    0.001810    0.000214    1.3090     1.4616
2026-06-04 17:21:13  DEBUG        30    0.001782    0.000055    0.5529     0.7420
2026-06-04 17:21:13  INFO         30    0.001782    0.000055    0.5529     0.7420  lr=2.50e-04
2026-06-04 17:21:25  DEBUG        31    0.001708    0.000110    0.8313     1.0493
2026-06-04 17:21:37  DEBUG        32    0.001643    0.000051    0.5698     0.7149
2026-06-04 17:21:48  DEBUG        33    0.001592    0.000069    0.6078     0.8303
2026-06-04 17:22:00  DEBUG        34    0.001467    0.000169    1.1492     1.3002
2026-06-04 17:22:12  DEBUG        35    0.001477    0.000050    0.5542     0.7086
2026-06-04 17:22:23  DEBUG        36    0.001489    0.000150    1.0916     1.2251
2026-06-04 17:22:35  DEBUG        37    0.001447    0.000060    0.5766     0.7731
2026-06-04 17:22:46  DEBUG        38    0.001358    0.000042    0.4746     0.6454
2026-06-04 17:22:58  DEBUG        39    0.001348    0.000038    0.4427     0.6188
2026-06-04 17:23:09  DEBUG        40    0.001306    0.000054    0.5263     0.7322
2026-06-04 17:23:09  INFO         40    0.001306    0.000054    0.5263     0.7322  lr=6.25e-05
2026-06-04 17:23:21  DEBUG        41    0.001314    0.000052    0.5270     0.7231
2026-06-04 17:23:33  DEBUG        42    0.001259    0.000047    0.5233     0.6853
2026-06-04 17:23:44  DEBUG        43    0.001293    0.000044    0.4951     0.6654
2026-06-04 17:23:56  DEBUG        44    0.001209    0.000039    0.4483     0.6243
2026-06-04 17:24:08  DEBUG        45    0.001209    0.000038    0.4500     0.6185
2026-06-04 17:24:19  DEBUG        46    0.001168    0.000046    0.4923     0.6772
2026-06-04 17:24:31  DEBUG        47    0.001214    0.000082    0.7132     0.9052
2026-06-04 17:24:43  DEBUG        48    0.001160    0.000088    0.7401     0.9397
2026-06-04 17:24:54  DEBUG        49    0.001160    0.000076    0.6791     0.8697
2026-06-04 17:25:06  DEBUG        50    0.001161    0.000065    0.5994     0.8089
2026-06-04 17:25:06  INFO         50    0.001161    0.000065    0.5994     0.8089  lr=6.25e-05
2026-06-04 17:25:17  DEBUG        51    0.001134    0.000038    0.4413     0.6204
2026-06-04 17:25:29  DEBUG        52    0.001063    0.000049    0.5419     0.6981
2026-06-04 17:25:41  DEBUG        53    0.001127    0.000092    0.7807     0.9612
2026-06-04 17:25:52  DEBUG        54    0.001098    0.000047    0.4762     0.6822
2026-06-04 17:26:04  DEBUG        55    0.001097    0.000070    0.6255     0.8392
2026-06-04 17:26:15  DEBUG        56    0.001048    0.000050    0.5053     0.7088
2026-06-04 17:26:27  DEBUG        57    0.001090    0.000047    0.5125     0.6883
2026-06-04 17:26:39  DEBUG        58    0.001031    0.000053    0.5194     0.7281
2026-06-04 17:26:50  DEBUG        59    0.001031    0.000048    0.4908     0.6920
2026-06-04 17:27:02  DEBUG        60    0.001105    0.000049    0.4960     0.7016
2026-06-04 17:27:02  INFO         60    0.001105    0.000049    0.4960     0.7016  lr=1.56e-05
2026-06-04 17:27:02  INFO     Early stopping at epoch 60 (patience=15)
2026-06-04 17:27:02  INFO     -------------------------------------------------------
2026-06-04 17:27:02  INFO     Test MAE : 0.6071%  (target < 2.0%)
2026-06-04 17:27:02  INFO     Test RMSE: 0.7295%  (target < 3.0%)
2026-06-04 17:27:02  INFO     Target metrics ACHIEVED (MAE < 2%, RMSE < 3%)
2026-06-04 17:27:02  INFO     Saved Mamba model -> D:\FPT\SEM9\GSU25SE55\ai-module\models\weights\soh_mamba_v1.1.pth
2026-06-04 17:27:02  INFO     Training IsolationForest...
2026-06-04 17:27:02  INFO     Saved IsolationForest -> D:\FPT\SEM9\GSU25SE55\ai-module\models\weights\isolation_forest_v1.0.pkl
2026-06-04 17:27:02  INFO     Training complete.
