2026-06-04 10:13:19  INFO     Log file: logs/training\train_20260604_101319.log
2026-06-04 10:13:19  INFO     Loading data...
2026-06-04 10:13:19  INFO       Train: 4812 | Val: 767 | Test: 329
2026-06-04 10:13:20  INFO     MambaSOHPredictor — 68,081 trainable params
2026-06-04 10:13:20  INFO     Config: lr=0.0005, batch=32, epochs=150, patience=15
2026-06-04 10:13:20  INFO     Starting training...
2026-06-04 10:13:20  INFO      Epoch   TrainLoss     ValLoss   ValMAE%   ValRMSE%
2026-06-04 10:13:20  INFO     -------------------------------------------------------
2026-06-04 10:13:44  DEBUG         1    0.053579    0.005970    6.0132     7.7265
2026-06-04 10:14:09  DEBUG         2    0.010954    0.003973    5.0487     6.3033
2026-06-04 10:14:34  DEBUG         3    0.009048    0.002903    4.2451     5.3875
2026-06-04 10:14:58  DEBUG         4    0.008532    0.003503    4.7732     5.9185
2026-06-04 10:15:22  DEBUG         5    0.007136    0.005026    5.6331     7.0891
2026-06-04 10:15:46  DEBUG         6    0.006619    0.002030    3.8425     4.5050
2026-06-04 10:16:11  DEBUG         7    0.006284    0.003801    5.5081     6.1656
2026-06-04 10:16:34  DEBUG         8    0.005863    0.002775    4.2290     5.2676
2026-06-04 10:16:57  DEBUG         9    0.005707    0.001489    3.1243     3.8590
2026-06-04 10:17:20  DEBUG        10    0.005147    0.002658    4.5099     5.1559
2026-06-04 10:17:20  INFO         10    0.005147    0.002658    4.5099     5.1559  lr=5.00e-04
2026-06-04 10:17:43  DEBUG        11    0.005163    0.001126    2.7008     3.3556
2026-06-04 10:18:06  DEBUG        12    0.004595    0.003049    4.6630     5.5213
2026-06-04 10:18:27  DEBUG        13    0.004681    0.001297    2.9894     3.6010
2026-06-04 10:18:46  DEBUG        14    0.004232    0.001902    3.7168     4.3615
2026-06-04 10:19:06  DEBUG        15    0.004120    0.005198    6.2084     7.2098
2026-06-04 10:19:25  DEBUG        16    0.004084    0.001111    2.6080     3.3331
2026-06-04 10:19:45  DEBUG        17    0.003789    0.001788    3.1345     4.2284
2026-06-04 10:20:05  DEBUG        18    0.003590    0.002151    3.8156     4.6383
2026-06-04 10:20:24  DEBUG        19    0.003516    0.002350    3.8938     4.8479
2026-06-04 10:20:43  DEBUG        20    0.003206    0.001825    3.4392     4.2716
2026-06-04 10:20:43  INFO         20    0.003206    0.001825    3.4392     4.2716  lr=5.00e-04
2026-06-04 10:21:01  DEBUG        21    0.002966    0.001656    3.3609     4.0698
2026-06-04 10:21:19  DEBUG        22    0.002931    0.001310    3.0281     3.6191
2026-06-04 10:21:36  DEBUG        23    0.002519    0.001795    3.1515     4.2364
2026-06-04 10:21:54  DEBUG        24    0.002543    0.001954    3.4745     4.4205
2026-06-04 10:22:11  DEBUG        25    0.002472    0.001525    3.1945     3.9057
2026-06-04 10:22:30  DEBUG        26    0.002411    0.001880    3.5175     4.3354
2026-06-04 10:22:48  DEBUG        27    0.002378    0.001861    3.6787     4.3144
2026-06-04 10:23:06  DEBUG        28    0.002243    0.001977    3.4674     4.4461
2026-06-04 10:23:23  DEBUG        29    0.002290    0.001745    3.3343     4.1775
2026-06-04 10:23:40  DEBUG        30    0.002153    0.001954    3.6131     4.4203
2026-06-04 10:23:40  INFO         30    0.002153    0.001954    3.6131     4.4203  lr=1.25e-04
2026-06-04 10:23:57  DEBUG        31    0.002126    0.001669    3.1829     4.0853
2026-06-04 10:23:57  INFO     Early stopping at epoch 31 (patience=15)
2026-06-04 10:23:57  INFO     -------------------------------------------------------
2026-06-04 10:23:57  INFO     Test MAE : 2.9058%  (target < 2.0%)
2026-06-04 10:23:57  INFO     Test RMSE: 3.5094%  (target < 3.0%)
2026-06-04 10:23:57  WARNING  MAE 2.9058% >= 2.0% target — consider more epochs or d_model=128
2026-06-04 10:23:57  WARNING  RMSE 3.5094% >= 3.0% target — consider more epochs or d_model=128
2026-06-04 10:23:57  INFO     Saved Mamba model -> D:\FPT\SEM9\GSU25SE55\ai-module\models\weights\soh_mamba_v1.1.pth
2026-06-04 10:23:57  INFO     Training IsolationForest...
2026-06-04 10:23:57  INFO     Saved IsolationForest -> D:\FPT\SEM9\GSU25SE55\ai-module\models\weights\isolation_forest_v1.0.pkl
2026-06-04 10:23:57  INFO     Training complete.
