2026-06-04 11:56:29  INFO     Log file: logs/training\train_20260604_115629.log
2026-06-04 11:56:29  INFO     Loading data...
2026-06-04 11:56:29  INFO       Train: 4812 | Val: 832 | Test: 264
2026-06-04 11:56:32  INFO     MambaSOHPredictor — 80,641 trainable params
2026-06-04 11:56:32  INFO     Config: lr=0.0005, batch=32, epochs=100, patience=15
2026-06-04 11:56:32  INFO     Starting training...
2026-06-04 11:56:32  INFO      Epoch   TrainLoss     ValLoss   ValMAE%   ValRMSE%
2026-06-04 11:56:32  INFO     -------------------------------------------------------
2026-06-04 11:58:21  DEBUG         1    0.038526    0.004406    6.0628     6.6380
2026-06-04 11:58:44  DEBUG         2    0.009501    0.002543    4.6144     5.0427
2026-06-04 11:59:04  DEBUG         3    0.007241    0.000221    1.1686     1.4877
2026-06-04 11:59:27  DEBUG         4    0.006227    0.000930    2.6413     3.0490
2026-06-04 11:59:49  DEBUG         5    0.005518    0.001513    3.6527     3.8894
2026-06-04 12:00:11  DEBUG         6    0.004938    0.002414    4.7473     4.9134
2026-06-04 12:00:32  DEBUG         7    0.004427    0.001107    3.1238     3.3265
2026-06-04 12:00:53  DEBUG         8    0.004133    0.001412    3.5795     3.7582
2026-06-04 12:01:13  DEBUG         9    0.003812    0.000630    2.2967     2.5103
2026-06-04 12:01:33  DEBUG        10    0.003683    0.001322    3.5080     3.6353
2026-06-04 12:01:33  INFO         10    0.003683    0.001322    3.5080     3.6353  lr=2.50e-04
2026-06-04 12:01:54  DEBUG        11    0.003395    0.001036    3.1036     3.2189
2026-06-04 12:02:14  DEBUG        12    0.003431    0.000717    2.5791     2.6769
2026-06-04 12:02:34  DEBUG        13    0.003333    0.001426    3.6993     3.7769
2026-06-04 12:02:54  DEBUG        14    0.003082    0.000309    1.5623     1.7572
2026-06-04 12:03:14  DEBUG        15    0.003056    0.000933    2.9547     3.0537
2026-06-04 12:03:33  DEBUG        16    0.002879    0.000748    2.6152     2.7346
2026-06-04 12:03:51  DEBUG        17    0.002676    0.000571    2.2516     2.3899
2026-06-04 12:04:09  DEBUG        18    0.002746    0.001115    3.2329     3.3387
2026-06-04 12:04:09  INFO     Early stopping at epoch 18 (patience=15)
2026-06-04 12:04:09  INFO     -------------------------------------------------------
2026-06-04 12:04:09  INFO     Test MAE : 1.0299%  (target < 2.0%)
2026-06-04 12:04:09  INFO     Test RMSE: 1.1835%  (target < 3.0%)
2026-06-04 12:04:09  INFO     Target metrics ACHIEVED (MAE < 2%, RMSE < 3%)
2026-06-04 12:04:09  INFO     Saved Mamba model -> D:\FPT\SEM9\GSU25SE55\ai-module\models\weights\soh_mamba_v1.2.pth
2026-06-04 12:04:09  INFO     Training IsolationForest...
2026-06-04 12:04:09  INFO     Saved IsolationForest -> D:\FPT\SEM9\GSU25SE55\ai-module\models\weights\isolation_forest_v1.2.pkl
2026-06-04 12:04:09  INFO     Training complete.
