2026-06-04 09:56:42  INFO     Log file: logs/training\train_20260604_095642.log
2026-06-04 09:56:42  INFO     Loading data...
2026-06-04 09:56:42  INFO       Train: 4812 | Val: 767 | Test: 329
2026-06-04 09:56:42  INFO     MambaSOHPredictor — 68,417 trainable params
2026-06-04 09:56:42  INFO     Config: lr=0.0005, batch=32, epochs=50, patience=15
2026-06-04 09:56:42  INFO     Starting training...
2026-06-04 09:56:42  INFO      Epoch   TrainLoss     ValLoss   ValMAE%   ValRMSE%
2026-06-04 09:56:42  INFO     -------------------------------------------------------
2026-06-04 09:57:04  DEBUG         1    0.045649    0.006531    5.4576     8.0812
2026-06-04 09:57:27  DEBUG         2    0.012559    0.005925    5.6459     7.6973
2026-06-04 09:57:49  DEBUG         3    0.010409    0.006324    5.1629     7.9522
2026-06-04 09:58:12  DEBUG         4    0.008901    0.006820    5.0003     8.2586
2026-06-04 09:58:34  DEBUG         5    0.008449    0.009421    5.2043     9.7063
2026-06-04 09:58:56  DEBUG         6    0.007347    0.004416    4.9619     6.6450
2026-06-04 09:59:18  DEBUG         7    0.007087    0.009279    5.6825     9.6330
2026-06-04 09:59:41  DEBUG         8    0.006738    0.004709    5.2298     6.8623
2026-06-04 10:00:03  DEBUG         9    0.006107    0.003067    4.4598     5.5384
2026-06-04 10:00:24  DEBUG        10    0.005732    0.004031    4.5792     6.3492
2026-06-04 10:00:24  INFO         10    0.005732    0.004031    4.5792     6.3492  lr=5.00e-04
2026-06-04 10:00:43  DEBUG        11    0.005571    0.003126    4.6138     5.5912
2026-06-04 10:01:02  DEBUG        12    0.005251    0.004337    5.7710     6.5858
2026-06-04 10:01:20  DEBUG        13    0.005116    0.002771    3.7494     5.2638
2026-06-04 10:01:38  DEBUG        14    0.004920    0.002952    4.4159     5.4337
2026-06-04 10:01:55  DEBUG        15    0.004551    0.003414    4.3006     5.8433
2026-06-04 10:02:14  DEBUG        16    0.004416    0.001998    3.7106     4.4701
2026-06-04 10:02:33  DEBUG        17    0.004314    0.001793    3.2266     4.2342
2026-06-04 10:02:55  DEBUG        18    0.003974    0.002181    4.0078     4.6698
2026-06-04 10:03:16  DEBUG        19    0.003687    0.003013    4.6059     5.4887
2026-06-04 10:03:36  DEBUG        20    0.003709    0.001944    3.6504     4.4089
2026-06-04 10:03:36  INFO         20    0.003709    0.001944    3.6504     4.4089  lr=5.00e-04
2026-06-04 10:03:55  DEBUG        21    0.003532    0.004348    5.7724     6.5940
2026-06-04 10:04:14  DEBUG        22    0.003254    0.002090    3.7631     4.5712
2026-06-04 10:04:32  DEBUG        23    0.003049    0.001781    3.5911     4.2201
2026-06-04 10:04:50  DEBUG        24    0.002996    0.003718    5.1401     6.0973
2026-06-04 10:05:08  DEBUG        25    0.002745    0.003379    5.1789     5.8129
2026-06-04 10:05:27  DEBUG        26    0.002547    0.002630    4.2974     5.1281
2026-06-04 10:05:45  DEBUG        27    0.002510    0.002673    4.4909     5.1697
2026-06-04 10:06:03  DEBUG        28    0.002341    0.002245    3.8247     4.7378
2026-06-04 10:06:21  DEBUG        29    0.002149    0.002304    4.2422     4.8002
2026-06-04 10:06:39  DEBUG        30    0.001978    0.003159    4.9392     5.6203
2026-06-04 10:06:39  INFO         30    0.001978    0.003159    4.9392     5.6203  lr=2.50e-04
2026-06-04 10:06:56  DEBUG        31    0.001933    0.002263    4.2351     4.7573
2026-06-04 10:07:14  DEBUG        32    0.001909    0.003767    5.3173     6.1377
2026-06-04 10:07:32  DEBUG        33    0.001861    0.002150    3.9876     4.6371
2026-06-04 10:07:50  DEBUG        34    0.001844    0.002514    4.1885     5.0135
2026-06-04 10:08:08  DEBUG        35    0.001687    0.001409    3.0771     3.7539
2026-06-04 10:08:25  DEBUG        36    0.001685    0.001428    3.1065     3.7790
2026-06-04 10:08:43  DEBUG        37    0.001570    0.002091    4.0174     4.5723
2026-06-04 10:09:02  DEBUG        38    0.001521    0.002597    4.3040     5.0960
2026-06-04 10:09:20  DEBUG        39    0.001471    0.002038    3.7193     4.5149
2026-06-04 10:09:38  DEBUG        40    0.001452    0.001884    3.5569     4.3410
2026-06-04 10:09:38  INFO         40    0.001452    0.001884    3.5569     4.3410  lr=2.50e-04
2026-06-04 10:09:56  DEBUG        41    0.001381    0.002057    3.8874     4.5352
2026-06-04 10:10:14  DEBUG        42    0.001307    0.001707    3.3805     4.1317
2026-06-04 10:10:31  DEBUG        43    0.001236    0.002075    3.7987     4.5553
2026-06-04 10:10:49  DEBUG        44    0.001249    0.001734    3.4882     4.1638
2026-06-04 10:11:07  DEBUG        45    0.001210    0.001769    3.5066     4.2064
2026-06-04 10:11:25  DEBUG        46    0.001197    0.001671    3.4721     4.0878
2026-06-04 10:11:43  DEBUG        47    0.001112    0.002096    3.9209     4.5786
2026-06-04 10:12:01  DEBUG        48    0.001154    0.002221    3.9807     4.7130
2026-06-04 10:12:19  DEBUG        49    0.001144    0.001745    3.5502     4.1775
2026-06-04 10:12:37  DEBUG        50    0.001125    0.001677    3.4241     4.0952
2026-06-04 10:12:37  INFO         50    0.001125    0.001677    3.4241     4.0952  lr=6.25e-05
2026-06-04 10:12:37  INFO     Early stopping at epoch 50 (patience=15)
2026-06-04 10:12:37  INFO     -------------------------------------------------------
2026-06-04 10:12:37  INFO     Test MAE : 3.5324%  (target < 2.0%)
2026-06-04 10:12:37  INFO     Test RMSE: 4.0234%  (target < 3.0%)
2026-06-04 10:12:37  WARNING  MAE 3.5324% >= 2.0% target — consider more epochs or d_model=128
2026-06-04 10:12:37  WARNING  RMSE 4.0234% >= 3.0% target — consider more epochs or d_model=128
2026-06-04 10:12:37  INFO     Saved Mamba model -> D:\FPT\SEM9\GSU25SE55\ai-module\models\weights\soh_mamba_v1.1.pth
2026-06-04 10:12:37  INFO     Training IsolationForest...
2026-06-04 10:12:37  INFO     Saved IsolationForest -> D:\FPT\SEM9\GSU25SE55\ai-module\models\weights\isolation_forest_v1.0.pkl
2026-06-04 10:12:37  INFO     Training complete.
