2026-06-04 09:40:36  INFO     Log file: logs/training\train_20260604_094036.log
2026-06-04 09:40:36  INFO     Loading data...
2026-06-04 09:40:36  INFO       Train: 4812 | Val: 767 | Test: 329
2026-06-04 09:40:37  INFO     MambaSOHPredictor — 70,145 trainable params
2026-06-04 09:40:37  INFO     Config: lr=0.0005, batch=32, epochs=50, patience=15
2026-06-04 09:40:37  INFO     Starting training...
2026-06-04 09:40:37  INFO      Epoch   TrainLoss     ValLoss   ValMAE%   ValRMSE%
2026-06-04 09:40:37  INFO     -------------------------------------------------------
2026-06-04 09:40:58  DEBUG         1    0.045772    0.014901    7.2804    12.2069
2026-06-04 09:41:20  DEBUG         2    0.009022    0.004524    4.8839     6.7264
2026-06-04 09:41:43  DEBUG         3    0.007893    0.003400    4.8273     5.8312
2026-06-04 09:42:05  DEBUG         4    0.007215    0.005266    4.5807     7.2567
2026-06-04 09:42:28  DEBUG         5    0.006445    0.004972    5.9536     7.0511
2026-06-04 09:42:51  DEBUG         6    0.005490    0.003313    4.4686     5.7559
2026-06-04 09:43:13  DEBUG         7    0.005213    0.002691    4.3287     5.1874
2026-06-04 09:43:34  DEBUG         8    0.004841    0.006591    4.7786     8.1187
2026-06-04 09:43:56  DEBUG         9    0.004481    0.002565    3.8231     5.0644
2026-06-04 09:44:17  DEBUG        10    0.004158    0.001896    3.6196     4.3546
2026-06-04 09:44:17  INFO         10    0.004158    0.001896    3.6196     4.3546  lr=5.00e-04
2026-06-04 09:44:37  DEBUG        11    0.003999    0.003846    5.2976     6.2017
2026-06-04 09:44:57  DEBUG        12    0.003610    0.004028    4.8407     6.3465
2026-06-04 09:45:17  DEBUG        13    0.003491    0.002907    4.6382     5.3919
2026-06-04 09:45:39  DEBUG        14    0.003333    0.003423    5.0719     5.8510
2026-06-04 09:46:02  DEBUG        15    0.003176    0.002212    3.9495     4.7027
2026-06-04 09:46:24  DEBUG        16    0.003070    0.002184    3.7532     4.6734
2026-06-04 09:46:45  DEBUG        17    0.002647    0.002074    3.9286     4.5546
2026-06-04 09:47:06  DEBUG        18    0.002693    0.001920    3.6605     4.3819
2026-06-04 09:47:26  DEBUG        19    0.002617    0.002461    4.3021     4.9610
2026-06-04 09:47:46  DEBUG        20    0.002604    0.001853    3.6151     4.3050
2026-06-04 09:47:46  INFO         20    0.002604    0.001853    3.6151     4.3050  lr=2.50e-04
2026-06-04 09:48:06  DEBUG        21    0.002288    0.002299    4.2153     4.7949
2026-06-04 09:48:26  DEBUG        22    0.002486    0.002506    4.3243     5.0060
2026-06-04 09:48:45  DEBUG        23    0.002297    0.001926    3.8588     4.3887
2026-06-04 09:49:04  DEBUG        24    0.002161    0.002675    4.5972     5.1720
2026-06-04 09:49:23  DEBUG        25    0.002239    0.002544    4.3721     5.0439
2026-06-04 09:49:44  DEBUG        26    0.002083    0.002427    4.3794     4.9266
2026-06-04 09:50:03  DEBUG        27    0.001902    0.002305    4.2173     4.8007
2026-06-04 09:50:22  DEBUG        28    0.001875    0.002007    3.9117     4.4805
2026-06-04 09:50:41  DEBUG        29    0.001957    0.001692    3.6222     4.1135
2026-06-04 09:51:00  DEBUG        30    0.001932    0.001821    3.7500     4.2671
2026-06-04 09:51:00  INFO         30    0.001932    0.001821    3.7500     4.2671  lr=1.25e-04
2026-06-04 09:51:17  DEBUG        31    0.001854    0.001568    3.4893     3.9601
2026-06-04 09:51:34  DEBUG        32    0.001787    0.001823    3.7838     4.2698
2026-06-04 09:51:51  DEBUG        33    0.001777    0.001669    3.5811     4.0851
2026-06-04 09:52:08  DEBUG        34    0.001735    0.001857    3.7453     4.3091
2026-06-04 09:52:25  DEBUG        35    0.001641    0.001848    3.7137     4.2988
2026-06-04 09:52:41  DEBUG        36    0.001637    0.002144    4.0827     4.6307
2026-06-04 09:52:58  DEBUG        37    0.001676    0.001630    3.4814     4.0367
2026-06-04 09:53:14  DEBUG        38    0.001552    0.002281    4.1891     4.7757
2026-06-04 09:53:31  DEBUG        39    0.001524    0.001900    3.8204     4.3584
2026-06-04 09:53:47  DEBUG        40    0.001485    0.002423    4.2808     4.9227
2026-06-04 09:53:47  INFO         40    0.001485    0.002423    4.2808     4.9227  lr=6.25e-05
2026-06-04 09:54:04  DEBUG        41    0.001536    0.002177    4.0900     4.6659
2026-06-04 09:54:21  DEBUG        42    0.001469    0.001793    3.7335     4.2343
2026-06-04 09:54:37  DEBUG        43    0.001520    0.002080    4.0697     4.5602
2026-06-04 09:54:54  DEBUG        44    0.001404    0.001734    3.6648     4.1647
2026-06-04 09:55:10  DEBUG        45    0.001441    0.001994    3.9466     4.4656
2026-06-04 09:55:26  DEBUG        46    0.001474    0.001860    3.7832     4.3125
2026-06-04 09:55:26  INFO     Early stopping at epoch 46 (patience=15)
2026-06-04 09:55:27  INFO     -------------------------------------------------------
2026-06-04 09:55:27  INFO     Test MAE : 4.6310%  (target < 2.0%)
2026-06-04 09:55:27  INFO     Test RMSE: 4.9226%  (target < 3.0%)
2026-06-04 09:55:27  WARNING  MAE 4.6310% >= 2.0% target — consider more epochs or d_model=128
2026-06-04 09:55:27  WARNING  RMSE 4.9226% >= 3.0% target — consider more epochs or d_model=128
2026-06-04 09:55:27  INFO     Saved Mamba model -> D:\FPT\SEM9\GSU25SE55\ai-module\models\weights\soh_mamba_v1.1.pth
2026-06-04 09:55:27  INFO     Training IsolationForest...
2026-06-04 09:55:27  INFO     Saved IsolationForest -> D:\FPT\SEM9\GSU25SE55\ai-module\models\weights\isolation_forest_v1.0.pkl
2026-06-04 09:55:27  INFO     Training complete.
