2026-06-04 10:57:31  INFO     Log file: logs/training\train_20260604_105731.log
2026-06-04 10:57:31  INFO     Loading data...
2026-06-04 10:57:31  INFO       Train: 1299 | Val: 216 | Test: 80
2026-06-04 10:57:32  INFO     MambaSOHPredictor — 73,729 trainable params
2026-06-04 10:57:32  INFO     Config: lr=0.0005, batch=32, epochs=100, patience=15
2026-06-04 10:57:32  INFO     Starting training...
2026-06-04 10:57:32  INFO      Epoch   TrainLoss     ValLoss   ValMAE%   ValRMSE%
2026-06-04 10:57:32  INFO     -------------------------------------------------------
2026-06-04 10:59:12  DEBUG         1    0.071018    0.004675    6.2296     6.8374
2026-06-04 11:00:50  DEBUG         2    0.017011    0.000836    2.6595     2.8913
2026-06-04 11:02:30  DEBUG         3    0.012918    0.000491    1.8258     2.2154
2026-06-04 11:04:05  DEBUG         4    0.011153    0.000196    1.1482     1.4001
2026-06-04 11:05:49  DEBUG         5    0.010671    0.000774    2.5065     2.7820
2026-06-04 11:07:30  DEBUG         6    0.010080    0.000270    1.2344     1.6442
2026-06-04 11:09:12  DEBUG         7    0.008844    0.000213    1.1389     1.4588
2026-06-04 11:11:01  DEBUG         8    0.008347    0.000495    1.9792     2.2248
2026-06-04 11:12:58  DEBUG         9    0.008198    0.000858    2.6270     2.9299
2026-06-04 11:14:39  DEBUG        10    0.008013    0.000569    1.9368     2.3846
2026-06-04 11:14:39  INFO         10    0.008013    0.000569    1.9368     2.3846  lr=5.00e-04
2026-06-04 11:16:19  DEBUG        11    0.007823    0.000428    1.6952     2.0686
2026-06-04 11:17:53  DEBUG        12    0.008039    0.000357    1.5688     1.8896
2026-06-04 11:19:27  DEBUG        13    0.006827    0.000201    1.0999     1.4182
2026-06-04 11:21:02  DEBUG        14    0.007093    0.000112    0.7785     1.0565
2026-06-04 11:22:33  DEBUG        15    0.006834    0.000311    1.4827     1.7636
2026-06-04 11:28:51  DEBUG        16    0.007673    0.000234    1.2117     1.5302
2026-06-04 11:30:30  DEBUG        17    0.006300    0.000261    1.2506     1.6160
2026-06-04 11:32:00  DEBUG        18    0.007201    0.000065    0.6607     0.8084
2026-06-04 11:33:40  DEBUG        19    0.006709    0.000511    1.9191     2.2610
2026-06-04 11:35:17  DEBUG        20    0.006933    0.000152    0.8710     1.2329
2026-06-04 11:35:17  INFO         20    0.006933    0.000152    0.8710     1.2329  lr=2.50e-04
2026-06-04 11:36:58  DEBUG        21    0.006515    0.000203    1.0879     1.4255
2026-06-04 11:38:44  DEBUG        22    0.006288    0.000367    1.5647     1.9144
2026-06-04 11:40:20  DEBUG        23    0.006715    0.000625    2.3752     2.5004
2026-06-04 11:41:58  DEBUG        24    0.006939    0.000300    1.4670     1.7308
2026-06-04 11:43:38  DEBUG        25    0.006178    0.000276    1.4509     1.6624
2026-06-04 11:45:20  DEBUG        26    0.006652    0.000666    2.1923     2.5811
2026-06-04 11:47:07  DEBUG        27    0.006540    0.000453    1.7430     2.1290
2026-06-04 11:48:53  DEBUG        28    0.006634    0.000583    2.0829     2.4152
2026-06-04 11:50:40  DEBUG        29    0.006135    0.000617    2.2008     2.4837
2026-06-04 11:52:28  DEBUG        30    0.006060    0.000762    2.3324     2.7600
2026-06-04 11:52:28  INFO         30    0.006060    0.000762    2.3324     2.7600  lr=1.25e-04
2026-06-04 11:54:06  DEBUG        31    0.005721    0.000948    2.7625     3.0783
2026-06-04 11:55:55  DEBUG        32    0.006179    0.000394    1.5892     1.9861
2026-06-04 11:58:18  DEBUG        33    0.005988    0.000311    1.4321     1.7642
2026-06-04 11:58:18  INFO     Early stopping at epoch 33 (patience=15)
2026-06-04 11:58:18  INFO     -------------------------------------------------------
2026-06-04 11:58:18  INFO     Test MAE : 1.0358%  (target < 2.0%)
2026-06-04 11:58:18  INFO     Test RMSE: 1.3023%  (target < 3.0%)
2026-06-04 11:58:18  INFO     Target metrics ACHIEVED (MAE < 2%, RMSE < 3%)
2026-06-04 11:58:18  INFO     Saved Mamba model -> D:\FPT\SEM9\GSU25SE55\ai-module\models\weights\soh_mamba_v1.1.pth
2026-06-04 11:58:18  INFO     Training IsolationForest...
2026-06-04 11:58:18  INFO     Saved IsolationForest -> D:\FPT\SEM9\GSU25SE55\ai-module\models\weights\isolation_forest_v1.0.pkl
2026-06-04 11:58:18  INFO     Training complete.
