2026-06-02 07:39:38  INFO     Log file: logs/training\train_20260602_073938.log
2026-06-02 07:39:38  INFO     Loading data...
2026-06-02 07:39:38  INFO       Train: 4812 | Val: 767 | Test: 329
2026-06-02 07:39:39  INFO     MambaSOHPredictor — 66,497 trainable params
2026-06-02 07:39:39  INFO     Config: lr=0.001, batch=32, epochs=50, patience=10
2026-06-02 07:39:39  INFO     Starting training...
2026-06-02 07:39:39  INFO      Epoch   TrainLoss     ValLoss   ValMAE%   ValRMSE%
2026-06-02 07:39:39  INFO     -------------------------------------------------------
2026-06-02 07:39:58  DEBUG         1    0.040985    0.009734    8.4219     9.8660
2026-06-02 07:40:19  DEBUG         2    0.017453    0.011567    9.3098    10.7550
2026-06-02 07:40:39  DEBUG         3    0.016242    0.003529    4.8703     5.9403
2026-06-02 07:41:01  DEBUG         4    0.015631    0.005888    6.4454     7.6733
2026-06-02 07:41:23  DEBUG         5    0.015607    0.005349    6.1166     7.3135
2026-06-02 07:41:45  DEBUG         6    0.014026    0.002948    4.5116     5.4292
2026-06-02 07:42:07  DEBUG         7    0.013473    0.005693    6.4579     7.5455
2026-06-02 07:42:30  DEBUG         8    0.012137    0.006805    7.0208     8.2490
2026-06-02 07:42:51  DEBUG         9    0.012229    0.008157    7.9380     9.0317
2026-06-02 07:43:10  DEBUG        10    0.011364    0.005167    6.1020     7.1879
2026-06-02 07:43:10  INFO         10    0.011364    0.005167    6.1020     7.1879
2026-06-02 07:43:30  DEBUG        11    0.010175    0.011292    9.7456    10.6263
2026-06-02 07:43:50  DEBUG        12    0.009819    0.004970    6.0305     7.0495
2026-06-02 07:44:10  DEBUG        13    0.009828    0.013038   10.5287    11.4182
2026-06-02 07:44:30  DEBUG        14    0.009058    0.015534   11.7005    12.4635
2026-06-02 07:44:49  DEBUG        15    0.009114    0.006786    7.3037     8.2379
2026-06-02 07:45:08  DEBUG        16    0.008466    0.014844   11.3808    12.1838
2026-06-02 07:45:08  INFO     Early stopping at epoch 16 (patience=10)
2026-06-02 07:45:08  INFO     -------------------------------------------------------
2026-06-02 07:45:08  INFO     Test MAE : 8.7394%  (target < 2.0%)
2026-06-02 07:45:08  INFO     Test RMSE: 9.0471%  (target < 3.0%)
2026-06-02 07:45:08  WARNING  MAE 8.7394% >= 2.0% target — consider more epochs or d_model=128
2026-06-02 07:45:08  WARNING  RMSE 9.0471% >= 3.0% target — consider more epochs or d_model=128
2026-06-02 07:45:08  INFO     Saved Mamba model -> D:\FPT\SEM9\GSU25SE55\ai-module\models\weights\soh_mamba_v1.0.pth
2026-06-02 07:45:08  INFO     Training IsolationForest...
2026-06-02 07:45:09  INFO     Saved IsolationForest -> D:\FPT\SEM9\GSU25SE55\ai-module\models\weights\isolation_forest_v1.0.pkl
2026-06-02 07:45:09  INFO     Training complete.
