2026-06-02 22:57:46  INFO     Log file: logs/training\train_20260602_225746.log
2026-06-02 22:57:46  INFO     Loading data...
2026-06-02 22:57:46  INFO       Train: 4812 | Val: 767 | Test: 329
2026-06-02 22:57:47  INFO     MambaSOHPredictor — 66,689 trainable params
2026-06-02 22:57:47  INFO     Config: lr=0.0005, batch=32, epochs=50, patience=15
2026-06-02 22:57:47  INFO     Starting training...
2026-06-02 22:57:47  INFO      Epoch   TrainLoss     ValLoss   ValMAE%   ValRMSE%
2026-06-02 22:57:47  INFO     -------------------------------------------------------
2026-06-02 22:58:09  DEBUG         1    0.032457    0.004720    5.4530     6.8704
2026-06-02 22:58:30  DEBUG         2    0.008477    0.003487    4.8931     5.9053
2026-06-02 22:58:54  DEBUG         3    0.007454    0.004191    5.4886     6.4739
2026-06-02 22:59:14  DEBUG         4    0.006940    0.002749    4.3648     5.2431
2026-06-02 22:59:35  DEBUG         5    0.006259    0.004460    5.8315     6.6781
2026-06-02 22:59:56  DEBUG         6    0.005651    0.002635    4.2652     5.1332
2026-06-02 23:00:16  DEBUG         7    0.005022    0.002458    4.1565     4.9577
2026-06-02 23:00:35  DEBUG         8    0.004935    0.002685    4.3507     5.1813
2026-06-02 23:00:55  DEBUG         9    0.004558    0.002139    3.9081     4.6248
2026-06-02 23:01:14  DEBUG        10    0.004348    0.004798    5.9412     6.9265
2026-06-02 23:01:14  INFO         10    0.004348    0.004798    5.9412     6.9265  lr=5.00e-04
2026-06-02 23:01:34  DEBUG        11    0.004375    0.003599    5.2418     5.9990
2026-06-02 23:01:52  DEBUG        12    0.004272    0.002010    3.6511     4.4828
2026-06-02 23:02:10  DEBUG        13    0.003989    0.006163    6.9716     7.8506
2026-06-02 23:02:27  DEBUG        14    0.003786    0.001873    3.6979     4.3280
2026-06-02 23:02:44  DEBUG        15    0.003374    0.006804    7.5199     8.2487
2026-06-02 23:03:01  DEBUG        16    0.003379    0.003227    4.9251     5.6807
2026-06-02 23:03:16  DEBUG        17    0.002925    0.002069    3.9343     4.5490
2026-06-02 23:03:33  DEBUG        18    0.002903    0.003009    4.7812     5.4858
2026-06-02 23:03:48  DEBUG        19    0.002702    0.002357    4.1263     4.8552
2026-06-02 23:04:02  DEBUG        20    0.002559    0.002582    4.3874     5.0809
2026-06-02 23:04:02  INFO         20    0.002559    0.002582    4.3874     5.0809  lr=5.00e-04
2026-06-02 23:04:15  DEBUG        21    0.002447    0.002344    4.1731     4.8413
2026-06-02 23:04:28  DEBUG        22    0.002304    0.000927    2.4749     3.0442
2026-06-02 23:04:41  DEBUG        23    0.002258    0.002111    4.0766     4.5946
2026-06-02 23:04:54  DEBUG        24    0.002166    0.003983    5.4507     6.3110
2026-06-02 23:05:08  DEBUG        25    0.002193    0.002316    4.1937     4.8128
2026-06-02 23:05:20  DEBUG        26    0.002108    0.001745    3.6145     4.1771
2026-06-02 23:05:33  DEBUG        27    0.001977    0.003185    4.9455     5.6432
2026-06-02 23:05:45  DEBUG        28    0.001937    0.002298    4.2583     4.7942
2026-06-02 23:05:58  DEBUG        29    0.001859    0.001912    3.8029     4.3721
2026-06-02 23:06:10  DEBUG        30    0.001770    0.001801    3.6937     4.2444
2026-06-02 23:06:10  INFO         30    0.001770    0.001801    3.6937     4.2444  lr=1.25e-04
2026-06-02 23:06:23  DEBUG        31    0.001765    0.001646    3.5363     4.0572
2026-06-02 23:06:35  DEBUG        32    0.001666    0.001186    2.9767     3.4444
2026-06-02 23:06:48  DEBUG        33    0.001694    0.001263    3.0737     3.5543
2026-06-02 23:07:01  DEBUG        34    0.001657    0.000924    2.5199     3.0404
2026-06-02 23:07:14  DEBUG        35    0.001574    0.001867    3.8353     4.3203
2026-06-02 23:07:27  DEBUG        36    0.001640    0.003171    5.0118     5.6312
2026-06-02 23:07:39  DEBUG        37    0.001495    0.002146    4.1008     4.6329
2026-06-02 23:07:51  DEBUG        38    0.001613    0.001023    2.8194     3.1981
2026-06-02 23:08:04  DEBUG        39    0.001530    0.001642    3.5363     4.0519
2026-06-02 23:08:16  DEBUG        40    0.001471    0.001471    3.3633     3.8357
2026-06-02 23:08:16  INFO         40    0.001471    0.001471    3.3633     3.8357  lr=1.25e-04
2026-06-02 23:08:28  DEBUG        41    0.001457    0.001271    3.1035     3.5654
2026-06-02 23:08:41  DEBUG        42    0.001371    0.002179    4.1154     4.6683
2026-06-02 23:08:53  DEBUG        43    0.001399    0.001531    3.4462     3.9122
2026-06-02 23:09:05  DEBUG        44    0.001373    0.001962    3.9128     4.4291
2026-06-02 23:09:17  DEBUG        45    0.001360    0.001269    3.1105     3.5618
2026-06-02 23:09:30  DEBUG        46    0.001374    0.001594    3.5300     3.9919
2026-06-02 23:09:42  DEBUG        47    0.001275    0.001348    3.2603     3.6720
2026-06-02 23:09:54  DEBUG        48    0.001290    0.001260    3.1397     3.5495
2026-06-02 23:10:06  DEBUG        49    0.001275    0.001104    2.8579     3.3229
2026-06-02 23:10:06  INFO     Early stopping at epoch 49 (patience=15)
2026-06-02 23:10:07  INFO     -------------------------------------------------------
2026-06-02 23:10:07  INFO     Test MAE : 2.2905%  (target < 2.0%)
2026-06-02 23:10:07  INFO     Test RMSE: 2.4586%  (target < 3.0%)
2026-06-02 23:10:07  WARNING  MAE 2.2905% >= 2.0% target — consider more epochs or d_model=128
2026-06-02 23:10:07  INFO     Saved Mamba model -> D:\FPT\SEM9\GSU25SE55\ai-module\models\weights\soh_mamba_v1.0.pth
2026-06-02 23:10:07  INFO     Training IsolationForest...
2026-06-02 23:10:07  INFO     Saved IsolationForest -> D:\FPT\SEM9\GSU25SE55\ai-module\models\weights\isolation_forest_v1.0.pkl
2026-06-02 23:10:07  INFO     Training complete.
