2026-06-05 17:55:56  INFO     Log file: logs/training\train_20260605_175556.log
2026-06-05 17:55:56  INFO     Loading data...
2026-06-05 17:55:57  INFO       Train: 8904 | Val: 1509 | Test: 360
2026-06-05 17:55:57  INFO     MambaSOHPredictor — 73,729 trainable params
2026-06-05 17:55:57  INFO     Config: lr=0.0005, batch=8, epochs=100, patience=15
2026-06-05 17:55:57  INFO     Starting training...
2026-06-05 17:55:57  INFO      Epoch   TrainLoss     ValLoss   ValMAE%   ValRMSE%
2026-06-05 17:55:57  INFO     -------------------------------------------------------
2026-06-05 18:01:06  DEBUG         1    0.012555    0.000128    0.8901     1.1308
2026-06-05 18:06:23  DEBUG         2    0.005943    0.000190    1.0549     1.3776
2026-06-05 18:12:12  DEBUG         3    0.004422    0.000317    1.5780     1.7797
2026-06-05 18:18:57  DEBUG         4    0.003340    0.000591    2.1840     2.4313
2026-06-05 18:27:05  DEBUG         5    0.002400    0.000799    2.6491     2.8262
2026-06-05 18:36:00  DEBUG         6    0.001735    0.000457    1.9691     2.1383
2026-06-05 18:45:04  DEBUG         7    0.001113    0.000748    2.5496     2.7353
2026-06-05 18:54:25  DEBUG         8    0.000776    0.000353    1.6448     1.8791
2026-06-05 19:03:17  DEBUG         9    0.000619    0.001044    3.1602     3.2311
2026-06-05 19:12:27  DEBUG        10    0.000492    0.000263    1.5133     1.6205
2026-06-05 19:12:27  INFO         10    0.000492    0.000263    1.5133     1.6205  lr=2.50e-04
2026-06-05 19:21:44  DEBUG        11    0.000382    0.000640    2.4317     2.5291
2026-06-05 19:31:14  DEBUG        12    0.000324    0.000407    1.9036     2.0176
2026-06-05 19:40:42  DEBUG        13    0.000266    0.000231    1.4061     1.5187
2026-06-05 19:49:39  DEBUG        14    0.000220    0.000434    1.9388     2.0827
2026-06-05 19:58:15  DEBUG        15    0.000210    0.000380    1.8242     1.9485
2026-06-05 20:06:45  DEBUG        16    0.000200    0.000224    1.3584     1.4953
2026-06-05 20:06:45  INFO     Early stopping at epoch 16 (patience=15)
2026-06-05 20:06:46  INFO     -------------------------------------------------------
2026-06-05 20:06:46  INFO     Test MAE : 1.8892%  (target < 2.0%)
2026-06-05 20:06:46  INFO     Test RMSE: 2.2699%  (target < 3.0%)
2026-06-05 20:06:46  INFO     Target metrics ACHIEVED (MAE < 2%, RMSE < 3%)
2026-06-05 20:06:46  INFO     Saved Mamba model -> D:\FPT\SEM9\GSU25SE55\ai-module\models\weights\soh_mamba_v1.2.pth
2026-06-05 20:06:46  INFO     Training IsolationForest...
2026-06-05 20:06:46  INFO     Saved IsolationForest -> D:\FPT\SEM9\GSU25SE55\ai-module\models\weights\isolation_forest_v1.2.pkl
2026-06-05 20:06:46  INFO     Training complete.
